.......
----------------------------------------------------------------------
Ran 7 tests in 0.002s

OK